λ> scala-cli run project.scala scala/WorkshopAquascapeApp.scal
a scala/Part1Introduction/Fig2Take.scala
Compiling project (Scala 3.7.0, JVM (21))
Compiled project (Scala 3.7.0, JVM (21))
λ> scala-cli project.scala
[error]  No main class found
λ> scala-cli repl project.scala
Welcome to Scala 3.7.0 (21.0.4, Java OpenJDK 64-Bit Server VM)
.
Type in expressions for evaluation. Or try :help.

scala> import fs2.*

scala> Stream.empty
val res0: fs2.Stream[fs2.Pure, Nothing] = Stream(..)

scala> Stream(1).repeat
val res1: fs2.Stream[[x] =>> fs2.Pure[x], Int] = Stream(..)

scala> Stream(1).repeat.drain
val res2: fs2.Stream[[x] =>> fs2.Pure[x], Nothing] = Stream(..
)

scala> Stream(1).repeat.drain.compile.count
^C
λ> scala-cli repl project.scala
Welcome to Scala 3.7.0 (21.0.4, Java OpenJDK 64-Bit Server VM)
.
Type in expressions for evaluation. Or try :help.

scala> Stream(())
there was 1 deprecation warning; re-run with -deprecation for
details
1 warning found
val res0: Stream[Unit] = Stream((), <not computed>)

scala> import fs2.*

scala> Stream(())
val res1: fs2.Stream[[x] =>> fs2.Pure[x], Unit] = Stream(..)

scala> Stream(1)
val res2: fs2.Stream[[x] =>> fs2.Pure[x], Int] = Stream(..)

scala> Stream(1).repeat.compile.last

^C
λ> scala-cli repl project.scala
Welcome to Scala 3.7.0 (21.0.4, Java OpenJDK 64-Bit Server VM)
.
Type in expressions for evaluation. Or try :help.

scala> import fs2.*

scala> Stream.empty.map(_ => 1)
val res0: fs2.Stream[fs2.Pure, Int] = Stream(..)

scala> res0.compile.toList
val res1: List[Int] = List()

scala> Stream.empty.compile.toList
val res2: List[Nothing] = List()

scala> Stream.empty.map(_ => 1).compile.toList
val res3: List[Int] = List()

scala> :t res0
fs2.Stream[fs2.Pure, Int]

scala> Stream.empty.compile.last
val res4: Option[Nothing] = None

scala> Stream(2).compile.last
val res5: Option[Int] = Some(2)

scala> Stream.empty.map(_ => 1).compile.last
val res6: Option[Int] = None

scala> :q
λ> scala-cli repl project.scala scala/WorkshopAquascapeApp.sca
la scala/Part1Introduction/Fig2Take.scala
Compiling project (Scala 3.7.0, JVM (21))
Compiled project (Scala 3.7.0, JVM (21))
Welcome to Scala 3.7.0 (21.0.4, Java OpenJDK 64-Bit Server VM)
.
Type in expressions for evaluation. Or try :help.

scala> :q
λ> scala-cli run project.scala scala/WorkshopAquascapeApp.scal
a scala/Part1Introduction/Fig2Take.scala
λ> scala-cli run project.scala scala/WorkshopAquascapeApp.scal
a scala/Part1Introduction/Fig2Take.scala
Compiling project (Scala 3.7.0, JVM (21))
Compiled project (Scala 3.7.0, JVM (21))
λ> scala-cli run project.scala scala/WorkshopAquascapeApp.scal
a scala/Part1Introduction/Fig2Take.scala
Compiling project (Scala 3.7.0, JVM (21))
Compiled project (Scala 3.7.0, JVM (21))
λ> scala-cli run project.scala scala/WorkshopAquascapeApp.scal
a scala/Part1Introduction/Fig2Take.scala
Compiling project (Scala 3.7.0, JVM (21))
Compiled project (Scala 3.7.0, JVM (21))
λ> scala-cli run project.scala scala/WorkshopAquascapeApp.scal
a scala/Part1Introduction/Fig2Take.scala
Compiling project (Scala 3.7.0, JVM (21))
Compiled project (Scala 3.7.0, JVM (21))
λ> scala-cli run project.scala scala/WorkshopAquascapeApp.scal
a scala/Part1Introduction/Fig2Take.scala
Compiling project (Scala 3.7.0, JVM (21))
Compiled project (Scala 3.7.0, JVM (21))
λ> scala-cli repl project.scala
Welcome to Scala 3.7.0 (21.0.4, Java OpenJDK 64-Bit Server VM)
.
Type in expressions for evaluation. Or try :help.

scala> import fs2.*

scala> val helloWords = Stream("Hello", "Lausanne")
     | val goodbyeWords = Stream("Goodbye", "London")
     |
val helloWords: fs2.Stream[[x] =>> fs2.Pure[x], String] = Stre
am(..)
val goodbyeWords: fs2.Stream[[x] =>> fs2.Pure[x], String] = St
ream(..)

scala> (helloWords ++ goodbyeWords)
val res0: fs2.Stream[[x] =>> fs2.Pure[x], String] = Stream(..)

scala> res0.compile.toList
val res1: List[String] = List(Hello, Lausanne, Goodbye, London
)

scala> helloWords.zip(goodbyeWords)
val res2: fs2.Stream[[x] =>> fs2.Pure[x], (String, String)] =
Stream(..)

scala> helloWords.zip(goodbyeWords).compile.toList
val res3: List[(String, String)] = List((Hello,Goodbye), (Laus
anne,London))

scala> helloWords.zip(goodbyeWords).compile.toList
val res4: List[(String, String)] = List((Hello,Goodbye), (Laus
anne,London))

scala> helloWords
     |   .flatMap(helloWord =>
     |     goodbyeWords.map(goodbyeWord => s"$helloWord-$goodb
yeWord")
     |   )
     |
val res5: fs2.Stream[[x] =>> fs2.Pure[x], String] = Stream(..)

scala> res5.compile.toListy

-- [E008] Not Found Error: -----------------------------------
------------------
1 |res5.compile.toListy
  |^^^^^^^^^^^^^^^^^^^^
  |value toListy is not a member of fs2.Stream.CompileOps[fs2.
Pure, [A] =>> A, String] - did you mean fs2.Stream.CompileOps[
fs2.Pure, [A] =>> A, String].toList?
1 error found

scala>

scala> res5.compile.toList
val res6: List[String] = List(Hello-Goodbye, Hello-London, Lau
sanne-Goodbye, Lausanne-London)

scala> Stream(1,2,3).zip(4,5,6).compile.count
-- [E007] Type Mismatch Error: -------------------------------
------------------
1 |Stream(1,2,3).zip(4,5,6).compile.count
  |                  ^^^^^
  |                  Found:    (Int, Int, Int)
  |                  Required: fs2.Stream[[x] =>> fs2.Pure[x],
 Any]
  |
  | longer explanation available when compiling with `-explain
`
1 error found

scala> Stream(1,2,3).zip(Stream(4,5,6)).compile.count
val res7: Long = 3

scala> Stream(1,2,3).zip(Stream(4,5,6)).compile.toList
val res8: List[(Int, Int)] = List((1,4), (2,5), (3,6))

scala> :q
λ> scala-cli run project.scala scala/WorkshopAquascapeApp.scal
a scala/Part1Introduction/Fig3CombiningZip.scala
Compiling project (Scala 3.7.0, JVM (21))
Compiled project (Scala 3.7.0, JVM (21))
λ> scala-cli run project.scala scala/WorkshopAquascapeApp.scal
a scala/Part1Introduction/Fig3CombiningZip.scala
Compiling project (Scala 3.7.0, JVM (21))
Compiled project (Scala 3.7.0, JVM (21))
λ> scala-cli relp project.scala
[error]  relp is not a /nix/store/9dm50qbnb02mspzzjs7yl168v8al
h3bs-scala-cli-1.8.0/bin/scala-cli sub-command and it is not a
 valid path to an input file or directory.
Try viewing the relevant help to see the list of available sub
-commands and options.
  /nix/store/9dm50qbnb02mspzzjs7yl168v8alh3bs-scala-cli-1.8.0/
bin/scala-cli --help
λ> scala-cli repl project.scala
Welcome to Scala 3.7.0 (21.0.4, Java OpenJDK 64-Bit Server VM)
.
Type in expressions for evaluation. Or try :help.

scala> Stream.emits("ab".toList)
-- [E008] Not Found Error: -----------------------------------
------------------
1 |Stream.emits("ab".toList)
  |^^^^^^^^^^^^
  |value emits is not a member of object scala.collection.immu
table.Stream - did you mean Stream.empty?
1 error found

scala> import fs2.*

scala> Stream.emits("ab".toList).compile.toList
val res0: List[Char] = List(a, b)

scala> Stream.emits("ab".toList)
val res1: fs2.Stream[[x] =>> fs2.Pure[x], Char] = Stream(..)

scala> Stream.emits(List('a, 'b'))
-- Error: ----------------------------------------------------
------------------
1 |Stream.emits(List('a, 'b'))
  |                  ^
  |symbol literal 'a is no longer supported,
  |use a string literal "a" or an application Symbol("a") inst
ead,
  |or enclose in braces '{a} if you want a quoted expression.
  |For now, you can also `import language.deprecated.symbolLit
erals` to accept
  |the idiom, but this possibility might no longer be availabl
e in the future.

scala> Stream(List('a', 'b'))
val res2: fs2.Stream[[x] =>> fs2.Pure[x], List[Char]] = Stream
(..)

scala> Stream(List('a, 'b'))
-- Error: ----------------------------------------------------
------------------
1 |Stream(List('a, 'b'))
  |            ^
  |symbol literal 'a is no longer supported,
  |use a string literal "a" or an application Symbol("a") inst
ead,
  |or enclose in braces '{a} if you want a quoted expression.
  |For now, you can also `import language.deprecated.symbolLit
erals` to accept
  |the idiom, but this possibility might no longer be availabl
e in the future.

scala> Stream(List('a', 'b'))
val res3: fs2.Stream[[x] =>> fs2.Pure[x], List[Char]] = Stream
(..)

scala> Stream.emits(List('a', 'b'))
val res4: fs2.Stream[[x] =>> fs2.Pure[x], Char] = Stream(..)

scala> :q
λ> scala-cli run project.scala scala/WorkshopAquascapeApp.scal
a scala/Part1Introduction/Fig3
scala/Part1Introduction/Fig3CombiningZip.scala
scala/Part1Introduction/Fig3CombiningZip.scala~
scala/Part1Introduction/Fig3FlatMap.scala
scala/Part1Introduction/Fig3FlatMap.scala~
λ> scala-cli run project.scala scala/WorkshopAquascapeApp.scal
a scala/Part1Introduction/Fig3FlatMap.scala
Compiling project (Scala 3.7.0, JVM (21))
Compiled project (Scala 3.7.0, JVM (21))
λ> scala-cli repl project.scala

Welcome to Scala 3.7.0 (21.0.4, Java OpenJDK 64-Bit Server VM)
.
Type in expressions for evaluation. Or try :help.

scala>

scala> import fs2.*

scala> def fanIn[A](input: Stream[IO, Stream[IO, A]]): Stream[
IO, A] =
     |   input.parJoinUnbounded
     |
-- [E006] Not Found Error: -----------------------------------
------------------
1 |def fanIn[A](input: Stream[IO, Stream[IO, A]]): Stream[IO,
A] =
  |                           ^^
  |                           Not found: type IO
  |
  | longer explanation available when compiling with `-explain
`
-- [E006] Not Found Error: -----------------------------------
------------------
1 |def fanIn[A](input: Stream[IO, Stream[IO, A]]): Stream[IO,
A] =
  |                                      ^^
  |                                      Not found: type IO
  |
  | longer explanation available when compiling with `-explain
`
-- [E006] Not Found Error: -----------------------------------
------------------
1 |def fanIn[A](input: Stream[IO, Stream[IO, A]]): Stream[IO,
A] =
  |                                                       ^^
  |                                                       Not
found: type IO
  |
  | longer explanation available when compiling with `-explain
`
3 errors found

scala> import cats.effect.*

scala> def fanIn[A](input: Stream[IO, Stream[IO, A]]): Stream[
IO, A] =
     |   input.parJoinUnbounded
     |
def fanIn
  [A]
    (input: fs2.Stream[cats.effect.IO, fs2.Stream[cats.effect.
IO, A]]):
      fs2.Stream[cats.effect.IO, A]

scala> def fanOutAndIn[A, B](
     |     input: Stream[IO, A],
     |     fanFunction: A => Stream[IO, B]
     | ): Stream[IO, B] = fanIn(fanOut(input, fanFunction))
     |
-- [E006] Not Found Error: -----------------------------------
------------------
4 |): Stream[IO, B] = fanIn(fanOut(input, fanFunction))
  |                         ^^^^^^
  |                         Not found: fanOut
  |
  | longer explanation available when compiling with `-explain
`
1 error found

scala> def fanOut[A, B](
     |     input: Stream[IO, A],
     |     fanFunction: A => Stream[IO, B]
     | ): Stream[IO, Stream[IO, B]] = input.map(fanFunction)
     |
def fanOut
  [A, B]
    (input: fs2.Stream[cats.effect.IO, A], fanFunction: A =>
      fs2.Stream[cats.effect.IO, B]):
      fs2.Stream[cats.effect.IO, fs2.Stream[cats.effect.IO, B]
]

scala> def fanOutAndIn[A, B](
     |     input: Stream[IO, A],
     |     fanFunction: A => Stream[IO, B]
     | ): Stream[IO, B] = fanIn(fanOut(input, fanFunction))
     |
def fanOutAndIn
  [A, B]
    (input: fs2.Stream[cats.effect.IO, A], fanFunction: A =>
      fs2.Stream[cats.effect.IO, B]): fs2.Stream[cats.effect.I
O, B]

scala> val sentenceData: Stream[Pure, String] =
     |   Stream("This", "is", "a", "test", "sentence")
     |
val sentenceData: fs2.Stream[fs2.Pure, String] = Stream(..)

scala> def generateTestBook(title: String): Stream[IO, String]
 =
     |   Stream
     |     .sleep[IO](1.second)
     |     .flatMap(_ => sentenceData.repeatN(4L))
     |     .map(word => s"$title: $word")
     |
-- [E008] Not Found Error: -----------------------------------
------------------
3 |    .sleep[IO](1.second)
  |               ^^^^^^^^
  |value second is not a member of Int, but could be made avai
lable as an extension method.
  |
  |The following import might fix the problem:
  |
  |  import scala.concurrent.duration.DurationInt
  |
1 error found

scala> import scala.concurrent.duration.*
     |

scala> def generateTestBook(title: String): Stream[IO, String]
 =
     |   Stream
     |     .sleep[IO](1.second)
     |     .flatMap(_ => sentenceData.repeatN(4L))
     |     .map(word => s"$title: $word")
     |
def generateTestBook(title: String): fs2.Stream[cats.effect.IO
, String]

scala> generateTestBook("Foo")
val res0: fs2.Stream[cats.effect.IO, String] = Stream(..)

scala> generateTestBook("Foo").compile.toList
val res1: cats.effect.IO[List[String]] = IO(...)

scala> generateTestBook("Foo").compile.toList.unsafeRunSync()
-- [E172] Type Error: ----------------------------------------
------------------
1 |generateTestBook("Foo").compile.toList.unsafeRunSync()
  |                                                      ^
  |Could not find an implicit IORuntime.
  |
  |Instead of calling unsafe methods directly, consider using
cats.effect.IOApp, which
  |runs your IO. If integrating with non-functional code or ex
perimenting in a REPL / Worksheet,
  |add the following import:
  |
  |import cats.effect.unsafe.implicits.global
  |
  |Alternatively, you can create an explicit IORuntime value a
nd put it in implicit scope.
  |This may be useful if you have a pre-existing fixed thread
pool and/or scheduler which you
  |wish to use to execute IO programs. Please be sure to revie
w thread pool best practices to
  |avoid unintentionally degrading your application performanc
e.
  |
  |
  |The following import might fix the problem:
  |
  |  import cats.effect.unsafe.implicits.global
  |
1 error found

scala> import cats.effect.unsafe.implicits.global
     |

scala> generateTestBook("Foo").compile.toList.unsafeRunSync()
val res2: List[String] = List(Foo: This, Foo: is, Foo: a, Foo:
 test, Foo: sentence, Foo: This, Foo: is, Foo: a, Foo: test, F
oo: sentence, Foo: This, Foo: is, Foo: a, Foo: test, Foo: sent
ence, Foo: This, Foo: is, Foo: a, Foo: test, Foo: sentence)

scala> def countWords(book: Stream[IO, String]): Stream[IO, Lo
ng] =
     |   book.map(_ => 1L).foldMonoid
     |
     |
def countWords
  (book: fs2.Stream[cats.effect.IO, String]): fs2.Stream[cats.
effect.IO, Long]

scala> countWords(res2)
-- [E007] Type Mismatch Error: -------------------------------
------------------
1 |countWords(res2)
  |           ^^^^
  |           Found:    (res2 : List[String])
  |           Required: fs2.Stream[cats.effect.IO, String]
  |
  | longer explanation available when compiling with `-explain
`
1 error found

scala> generateTestBook("Foo")
val res3: fs2.Stream[cats.effect.IO, String] = Stream(..)

scala> countWords(res3)
val res4: fs2.Stream[cats.effect.IO, Long] = Stream(..)

scala> countWords(res3).compile.last.unsafeRunSync()
val res5: Option[Long] = Some(20)

scala> def countWordsInBooks(titles: Stream[IO, String]): Stre
am[IO, Long] =
     |   fanOutAndIn(titles, title => countWordsInBook(title))
.foldMonoid
     |
-- [E006] Not Found Error: -----------------------------------
------------------
2 |  fanOutAndIn(titles, title => countWordsInBook(title)).fol
dMonoid
  |                               ^^^^^^^^^^^^^^^^
  |             Not found: countWordsInBook - did you mean cou
ntWordsInBooks?
  |
  | longer explanation available when compiling with `-explain
`
1 error found

scala> def countWordsInBook(title: String): Stream[IO, Long] =
 countWords(
     |   generateTestBook(title)
     | )
     |
def countWordsInBook(title: String): fs2.Stream[cats.effect.IO
, Long]

scala> def countWordsInBooks(titles: Stream[IO, String]): Stre
am[IO, Long] =
     |   fanOutAndIn(titles, title => countWordsInBook(title))
.foldMonoid
     |
     |
def countWordsInBooks
  (titles: fs2.Stream[cats.effect.IO, String]): fs2.Stream[cat
s.effect.IO, Long]

scala> countWordsInBooks(Stream("little-dorrit", "hard-times")
)
val res6: fs2.Stream[cats.effect.IO, Long] = Stream(..)

scala> countWordsInBooks(Stream("little-dorrit", "hard-times")
).compile.last.unsafeRunSync()
val res7: Option[Long] = Some(40)

scala> countWordsInBooks(Stream("little-dorrit", "hard-times")
).compile.last.timed.unsafeRunSync()
val res8: (scala.concurrent.duration.FiniteDuration, Option[Lo
ng]) = (1021551375 nanoseconds,Some(40))

scala> :q
λ> scala-cli run project.scala scala/WorkshopAquascapeApp.scal
a scala/Part1Introduction/Fig4ParJoinUnbounded.scala
Compiling project (Scala 3.7.0, JVM (21))
[error] ./scala/Part1Introduction/Fig4ParJoinUnbounded.scala:1
0:5
[error] value branch is not a member of fs2.Stream[cats.effect
.IO, String]
Error compiling project (Scala 3.7.0, JVM (21))
Compilation failed
λ> scala-cli run project.scala scala/WorkshopAquascapeApp.scal
a scala/Part1Introduction/Fig4ParJoinUnbounded.scala
Compiling project (Scala 3.7.0, JVM (21))
[error] ./scala/Part1Introduction/Fig4ParJoinUnbounded.scala:1
4:21
[error] Not found: title
[error]         Stream(s"T:$title-word1", s"T:$title-word2")
[error]                     ^^^^^
[error] ./scala/Part1Introduction/Fig4ParJoinUnbounded.scala:1
4:40
[error] Not found: title
[error]         Stream(s"T:$title-word1", s"T:$title-word2")
[error]                                        ^^^^^
[error] ./scala/Part1Introduction/Fig4ParJoinUnbounded.scala:1
7:25
[error] No given instance of type cats.Show[fs2.Stream[[x] =>>
 fs2.Pure[x], String]] was found for a context parameter of me
thod stage in package aquascape
[error]       .stage("upstream")
[error]                         ^
Error compiling project (Scala 3.7.0, JVM (21))
Compilation failed
λ> scala-cli run project.scala scala/WorkshopAquascapeApp.scal
a scala/Part1Introduction/Fig4ParJoinUnbounded.scala
Compiling project (Scala 3.7.0, JVM (21))
[error] ./scala/Part1Introduction/Fig4ParJoinUnbounded.scala:1
7:25
[error] No given instance of type cats.Show[fs2.Stream[[x] =>>
 fs2.Pure[x], String]] was found for a context parameter of me
thod stage in package aquascape
[error]       .stage("upstream")
[error]                         ^
Error compiling project (Scala 3.7.0, JVM (21))
Compilation failed
λ> scala-cli run project.scala scala/WorkshopAquascapeApp.scal
a scala/Part1Introduction/Fig4ParJoinUnbounded.scala
Compiling project (Scala 3.7.0, JVM (21))
[error] ./scala/Part1Introduction/Fig4ParJoinUnbounded.scala:1
8:25
[error] No given instance of type cats.Show[fs2.Stream[[x] =>>
 fs2.Pure[x], String]] was found for a context parameter of me
thod stage in package aquascape
[error]       .stage("upstream")
[error]                         ^
Error compiling project (Scala 3.7.0, JVM (21))
Compilation failed
λ> scala-cli run project.scala scala/WorkshopAquascapeApp.scal
a scala/Part1Introduction/Fig4ParJoinUnbounded.scala
Compiling project (Scala 3.7.0, JVM (21))
Compiled project (Scala 3.7.0, JVM (21))
λ> scala-cli run project.scala scala/WorkshopAquascapeApp.scal
a scala/Part1Introduction/Fig4ParJoinUnbounded.scala
Compiling project (Scala 3.7.0, JVM (21))
Compiled project (Scala 3.7.0, JVM (21))
λ> scala-cli run project.scala scala/WorkshopAquascapeApp.scal
a scala/Part1Introduction/Fig4ParJoinUnbounded.scala
Compiling project (Scala 3.7.0, JVM (21))
[error] ./scala/Part1Introduction/Fig4ParJoinUnbounded.scala:1
6:19
[error] value second is not a member of Int, but could be made
 available as an extension method.
[error]
[error] The following import might fix the problem:
[error]
[error]   import scala.concurrent.duration.DurationInt
[error]
[error]           .spaced(1.second)
[error]                   ^^^^^^^^
Error compiling project (Scala 3.7.0, JVM (21))
Compilation failed
λ> scala-cli run project.scala scala/WorkshopAquascapeApp.scal
a scala/Part1Introduction/Fig4ParJoinUnbounded.scala
Compiling project (Scala 3.7.0, JVM (21))
[error] ./scala/Part1Introduction/Fig4ParJoinUnbounded.scala:1
7:28
[error] No given instance of type cats.effect.kernel.Temporal[
F2] was found for a context parameter of method spaced in clas
s Stream.
[error] I found:
[error]
[error]     cats.effect.kernel.GenTemporal.genTemporalForIorT[
F, L, Throwable](
[error]       cats.effect.kernel.GenTemporal.genTemporalForKle
isli[F², R, Throwable](
[error]         cats.effect.kernel.GenTemporal.genTemporalForO
ptionT[F³, Throwable](
[error]           cats.effect.kernel.GenTemporal.genTemporalFo
rEitherT[F⁴, E0, Throwable](
[error]             cats.effect.kernel.GenTemporal.genTemporal
ForIorT[F⁵, L², Throwable](
[error]               cats.effect.kernel.GenTemporal.genTempor
alForWriterT[F⁶, L³, Throwable
[error]                 ](
[error]                 /* missing */summon[cats.effect.kernel
.GenTemporal[F⁶, Throwable]],
[error]                 ???),
[error]             ???)
[error]           )
[error]         )
[error]       ),
[error]     ???)
[error]
[error] But no implicit values were found that match type cats
.effect.kernel.GenTemporal[F⁶, Throwable]
[error]
[error] where:    F  is a type variable with constraint <: [_]
 =>> Any
[error]           F2 is a type variable with constraint >: [x]
 =>> fs2.Pure[x] and <: [x] =>> Any
[error]           F² is a type variable with constraint <: [_²
] =>> Any
[error]           F³ is a type variable with constraint <: [_³
] =>> Any
[error]           F⁴ is a type variable with constraint <: [_⁴
] =>> Any
[error]           F⁵ is a type variable with constraint <: [_]
 =>> Any
[error]           F⁶ is a type variable with constraint <: [_⁵
] =>> Any
[error]           L  is a type variable
[error]           L² is a type variable
[error]           L³ is a type variable
[error] .
[error]           .spaced(1.second)
[error]                            ^
Error compiling project (Scala 3.7.0, JVM (21))
Compilation failed
λ> scala-cli run project.scala scala/WorkshopAquascapeApp.scal
a scala/Part1Introduction/Fig4ParJoinUnbounded.scala
Compiling project (Scala 3.7.0, JVM (21))
Compiled project (Scala 3.7.0, JVM (21))
λ> scala-cli run project.scala scala/WorkshopAquascapeApp.scal
a scala/Part1Introduction/Fig4ParJoinUnbounded.scala
Compiling project (Scala 3.7.0, JVM (21))
[error] ./scala/Part1Introduction/Fig4ParJoinUnbounded.scala:1
8:20
[error] No given instance of type cats.Show[fs2.Stream[cats.ef
fect.IO, String]] was found for a context parameter of method
stage in package aquascape
[error]       .stage("map")
[error]                    ^
Error compiling project (Scala 3.7.0, JVM (21))
Compilation failed
λ> scala-cli run project.scala scala/WorkshopAquascapeApp.scal
a scala/Part1Introduction/Fig4ParJoinUnbounded.scala
Compiling project (Scala 3.7.0, JVM (21))
[error] ./scala/Part1Introduction/Fig4ParJoinUnbounded.scala:1
0:11
[error] Not found: type Show - did you mean Short.type? or per
haps Short?
[error]     given Show[Stream[IO, String]] = _.toString
[error]           ^^^^
[error] ./scala/Part1Introduction/Fig4ParJoinUnbounded.scala:1
1:5
[error] Found:    Nothing
[error] Required: ?{ void: ? }
[error] Note that implicit conversions were not tried because
the result of an implicit conversion
[error] must be more specific than ?{ void: cats.effect.IO[Uni
t] }
Error compiling project (Scala 3.7.0, JVM (21))
Compilation failed
λ> scala-cli run project.scala scala/WorkshopAquascapeApp.scal
a scala/Part1Introduction/Fig4ParJoinUnbounded.scala
Compiling project (Scala 3.7.0, JVM (21))
Compiled project (Scala 3.7.0, JVM (21))
λ> scala-cli run project.scala scala/WorkshopAquascapeApp.scal
a scala/Part1Introduction/Fig4ParJoinUnbounded.scala
Compiling project (Scala 3.7.0, JVM (21))
Compiled project (Scala 3.7.0, JVM (21))
Jjλ> scala-cli run project.scala scala/WorkshopAquascapeApp.sc
ala scala/Part1Introduction/Fig4ParJoinUnbounded.scala
Compiling project (Scala 3.7.0, JVM (21))
Compiled project (Scala 3.7.0, JVM (21))
λ> scala-cli run project.scala scala/WorkshopAquascapeApp.scal
a scala/Part1Introduction/Fig4ParJoinUnbounded.scala
Compiling project (Scala 3.7.0, JVM (21))
Compiled project (Scala 3.7.0, JVM (21))
λ> scala-cli run project.scala scala/WorkshopAquascapeApp.scal
a scala/Part1Introduction/Fig4ParJoinUnbounded.scala
Compiling project (Scala 3.7.0, JVM (21))
Compiled project (Scala 3.7.0, JVM (21))

